0:0:0:0:0:0:0:1 - - [18/Aug/2026:16:56:58 +0530] "GET / HTTP/1.1" 403 275 209370
0:0:0:0:0:0:0:1 - - [18/Aug/2026:16:56:58 +0530] "GET /favicon.ico HTTP/1.1" 403 111 94263
0:0:0:0:0:0:0:1 - - [18/Aug/2026:16:59:10 +0530] "HEAD /healthz HTTP/1.1" 200 - 11356
0:0:0:0:0:0:0:1 - - [18/Aug/2026:16:59:10 +0530] "GET /healthz HTTP/1.1" 200 2 6797
0:0:0:0:0:0:0:1 - - [18/Aug/2026:16:59:26 +0530] "GET /healthz HTTP/1.1" 200 2 8087
0:0:0:0:0:0:0:1 - - [18/Aug/2026:16:59:26 +0530] "GET /favicon.ico HTTP/1.1" 403 111 12508
0:0:0:0:0:0:0:1 - - [18/Aug/2026:17:44:55 +0530] "OPTIONS /api/admin/events/search?status=upcoming HTTP/1.1" 200 - 158682
0:0:0:0:0:0:0:1 - - [18/Aug/2026:17:44:55 +0530] "GET /api/admin/events/search?status=upcoming HTTP/1.1" 403 123 230792
0:0:0:0:0:0:0:1 - - [18/Aug/2026:17:44:58 +0530] "OPTIONS /api/admin/events/search?status=archived HTTP/1.1" 200 - 4551
0:0:0:0:0:0:0:1 - - [18/Aug/2026:17:44:58 +0530] "GET /api/admin/events/search?status=archived HTTP/1.1" 403 123 15712
0:0:0:0:0:0:0:1 - - [18/Aug/2026:17:46:24 +0530] "OPTIONS /api/admin/login HTTP/1.1" 200 - 7987
0:0:0:0:0:0:0:1 - - [18/Aug/2026:17:46:26 +0530] "POST /api/admin/login HTTP/1.1" 200 283 2057370
0:0:0:0:0:0:0:1 - - [18/Aug/2026:17:46:32 +0530] "OPTIONS /api/blogs HTTP/1.1" 200 - 4331
0:0:0:0:0:0:0:1 - - [18/Aug/2026:17:46:32 +0530] "OPTIONS /api/blogs HTTP/1.1" 200 - 7131
0:0:0:0:0:0:0:1 - - [18/Aug/2026:17:46:32 +0530] "GET /api/blogs HTTP/1.1" 200 273 187109
0:0:0:0:0:0:0:1 - - [18/Aug/2026:17:46:32 +0530] "GET /api/blogs HTTP/1.1" 200 273 71000
0:0:0:0:0:0:0:1 - - [18/Aug/2026:17:48:26 +0530] "GET /api/blogs HTTP/1.1" 200 273 147049
0:0:0:0:0:0:0:1 - - [18/Aug/2026:17:48:26 +0530] "GET /api/blogs HTTP/1.1" 200 273 92763
0:0:0:0:0:0:0:1 - - [18/Aug/2026:17:48:46 +0530] "GET /api/blogs HTTP/1.1" 200 273 121814
0:0:0:0:0:0:0:1 - - [18/Aug/2026:17:48:46 +0530] "GET /api/blogs HTTP/1.1" 200 273 80120
0:0:0:0:0:0:0:1 - - [18/Aug/2026:17:51:18 +0530] "GET /api/blogs HTTP/1.1" 200 273 71027
0:0:0:0:0:0:0:1 - - [18/Aug/2026:17:51:18 +0530] "GET /api/blogs HTTP/1.1" 200 273 53723
0:0:0:0:0:0:0:1 - - [18/Aug/2026:17:53:05 +0530] "GET /api/blogs HTTP/1.1" 200 273 89394
0:0:0:0:0:0:0:1 - - [18/Aug/2026:17:53:14 +0530] "GET /api/blogs HTTP/1.1" 200 273 105905
0:0:0:0:0:0:0:1 - - [18/Aug/2026:17:53:14 +0530] "GET /api/blogs HTTP/1.1" 200 273 83235
0:0:0:0:0:0:0:1 - - [18/Aug/2026:17:53:49 +0530] "OPTIONS /api/blogs HTTP/1.1" 200 - 3519
0:0:0:0:0:0:0:1 - - [18/Aug/2026:17:53:49 +0530] "POST /api/blogs HTTP/1.1" 413 138 424632
0:0:0:0:0:0:0:1 - - [18/Aug/2026:17:53:49 +0530] "OPTIONS /api/blogs HTTP/1.1" 200 - 2803
0:0:0:0:0:0:0:1 - - [18/Aug/2026:17:53:49 +0530] "GET /api/blogs HTTP/1.1" 200 273 94145
0:0:0:0:0:0:0:1 - - [18/Aug/2026:17:53:53 +0530] "GET /api/blogs HTTP/1.1" 200 273 84239
0:0:0:0:0:0:0:1 - - [18/Aug/2026:17:53:54 +0530] "GET /api/blogs HTTP/1.1" 200 273 122731
0:0:0:0:0:0:0:1 - - [18/Aug/2026:17:53:54 +0530] "GET /api/blogs HTTP/1.1" 200 273 193222
0:0:0:0:0:0:0:1 - - [18/Aug/2026:17:53:54 +0530] "GET /api/blogs HTTP/1.1" 200 273 154082
0:0:0:0:0:0:0:1 - - [18/Aug/2026:17:53:55 +0530] "GET /api/blogs HTTP/1.1" 200 273 94561
0:0:0:0:0:0:0:1 - - [18/Aug/2026:17:53:55 +0530] "GET /api/blogs HTTP/1.1" 200 273 76797
0:0:0:0:0:0:0:1 - - [18/Aug/2026:17:53:55 +0530] "GET /api/blogs HTTP/1.1" 200 273 61282
0:0:0:0:0:0:0:1 - - [18/Aug/2026:17:54:36 +0530] "GET /api/blogs HTTP/1.1" 200 273 141149
0:0:0:0:0:0:0:1 - - [18/Aug/2026:17:54:36 +0530] "GET /api/blogs HTTP/1.1" 200 273 86180
0:0:0:0:0:0:0:1 - - [18/Aug/2026:17:55:08 +0530] "GET /api/blogs HTTP/1.1" 200 273 352317
0:0:0:0:0:0:0:1 - - [18/Aug/2026:17:55:08 +0530] "GET /api/blogs HTTP/1.1" 200 273 70828
0:0:0:0:0:0:0:1 - - [18/Aug/2026:17:55:50 +0530] "GET /api/blogs HTTP/1.1" 200 273 392346
0:0:0:0:0:0:0:1 - - [18/Aug/2026:17:55:50 +0530] "GET /api/blogs HTTP/1.1" 200 273 64302
0:0:0:0:0:0:0:1 - - [18/Aug/2026:17:56:07 +0530] "GET /api/blogs HTTP/1.1" 200 273 106497
0:0:0:0:0:0:0:1 - - [18/Aug/2026:17:56:07 +0530] "GET /api/blogs HTTP/1.1" 200 273 87022
0:0:0:0:0:0:0:1 - - [18/Aug/2026:17:56:43 +0530] "GET /api/blogs HTTP/1.1" 200 273 88706
0:0:0:0:0:0:0:1 - - [18/Aug/2026:17:56:43 +0530] "GET /api/blogs HTTP/1.1" 200 273 72022
0:0:0:0:0:0:0:1 - - [18/Aug/2026:17:56:51 +0530] "GET /api/blogs HTTP/1.1" 200 273 118228
0:0:0:0:0:0:0:1 - - [18/Aug/2026:17:56:51 +0530] "GET /api/blogs HTTP/1.1" 200 273 66065
0:0:0:0:0:0:0:1 - - [18/Aug/2026:17:57:22 +0530] "OPTIONS /api/blogs HTTP/1.1" 200 - 3039
0:0:0:0:0:0:0:1 - - [18/Aug/2026:17:57:22 +0530] "OPTIONS /api/blogs HTTP/1.1" 200 - 51426
0:0:0:0:0:0:0:1 - - [18/Aug/2026:17:57:22 +0530] "GET /api/blogs HTTP/1.1" 200 273 241873
0:0:0:0:0:0:0:1 - - [18/Aug/2026:17:57:23 +0530] "GET /api/blogs HTTP/1.1" 200 273 266559
0:0:0:0:0:0:0:1 - - [18/Aug/2026:19:16:05 +0530] "OPTIONS /api/blogs HTTP/1.1" 200 - 17170
0:0:0:0:0:0:0:1 - - [18/Aug/2026:19:16:05 +0530] "OPTIONS /api/blogs HTTP/1.1" 200 - 30320
0:0:0:0:0:0:0:1 - - [18/Aug/2026:19:16:07 +0530] "GET /api/blogs HTTP/1.1" 200 273 2082931
0:0:0:0:0:0:0:1 - - [18/Aug/2026:19:16:07 +0530] "GET /api/blogs HTTP/1.1" 200 273 240464
0:0:0:0:0:0:0:1 - - [18/Aug/2026:19:16:34 +0530] "POST /api/blogs HTTP/1.1" 413 134 99112
0:0:0:0:0:0:0:1 - - [18/Aug/2026:19:20:32 +0530] "HEAD /healthz HTTP/1.1" 200 - 346990
0:0:0:0:0:0:0:1 - - [18/Aug/2026:19:20:32 +0530] "GET /healthz HTTP/1.1" 200 2 7937
0:0:0:0:0:0:0:1 - - [18/Aug/2026:19:23:16 +0530] "GET /api/blogs HTTP/1.1" 200 273 1052582
0:0:0:0:0:0:0:1 - - [18/Aug/2026:19:23:16 +0530] "GET /api/blogs HTTP/1.1" 200 273 101492
0:0:0:0:0:0:0:1 - - [18/Aug/2026:19:23:19 +0530] "GET /api/blogs HTTP/1.1" 200 273 158506
0:0:0:0:0:0:0:1 - - [18/Aug/2026:19:23:19 +0530] "GET /api/blogs HTTP/1.1" 200 273 222815
0:0:0:0:0:0:0:1 - - [18/Aug/2026:19:23:50 +0530] "POST /api/blogs HTTP/1.1" 403 109 191271
0:0:0:0:0:0:0:1 - - [18/Aug/2026:19:27:37 +0530] "HEAD /healthz HTTP/1.1" 200 - 201481
0:0:0:0:0:0:0:1 - - [18/Aug/2026:19:27:37 +0530] "GET /healthz HTTP/1.1" 200 2 6639
0:0:0:0:0:0:0:1 - - [18/Aug/2026:19:28:17 +0530] "POST /api/blogs HTTP/1.1" 200 368 7361289
0:0:0:0:0:0:0:1 - - [18/Aug/2026:19:28:17 +0530] "GET /api/blogs HTTP/1.1" 200 622 135211
0:0:0:0:0:0:0:1 - - [18/Aug/2026:19:28:23 +0530] "GET /api/blogs HTTP/1.1" 200 622 95750
0:0:0:0:0:0:0:1 - - [18/Aug/2026:19:28:27 +0530] "GET /api/blogs HTTP/1.1" 200 622 141815
0:0:0:0:0:0:0:1 - - [18/Aug/2026:19:28:27 +0530] "GET /api/blogs HTTP/1.1" 200 622 94172
0:0:0:0:0:0:0:1 - - [18/Aug/2026:19:28:30 +0530] "GET /api/blogs HTTP/1.1" 200 622 151920
0:0:0:0:0:0:0:1 - - [18/Aug/2026:19:28:30 +0530] "GET /api/blogs HTTP/1.1" 200 622 171334
0:0:0:0:0:0:0:1 - - [18/Aug/2026:19:28:38 +0530] "GET /api/blogs HTTP/1.1" 200 622 136721
0:0:0:0:0:0:0:1 - - [18/Aug/2026:19:28:38 +0530] "GET /api/blogs HTTP/1.1" 200 622 107923
0:0:0:0:0:0:0:1 - - [18/Aug/2026:19:28:39 +0530] "GET /api/blogs HTTP/1.1" 200 622 149787
0:0:0:0:0:0:0:1 - - [18/Aug/2026:19:28:39 +0530] "GET /api/blogs HTTP/1.1" 200 622 186429
0:0:0:0:0:0:0:1 - - [18/Aug/2026:19:28:43 +0530] "OPTIONS /api/blogs/6a8464f972b73e341f036d9f HTTP/1.1" 200 - 5387
0:0:0:0:0:0:0:1 - - [18/Aug/2026:19:28:43 +0530] "DELETE /api/blogs/6a8464f972b73e341f036d9f HTTP/1.1" 200 82 204029
0:0:0:0:0:0:0:1 - - [18/Aug/2026:19:28:43 +0530] "GET /api/blogs HTTP/1.1" 200 273 85203
0:0:0:0:0:0:0:1 - - [18/Aug/2026:19:29:27 +0530] "OPTIONS /api/admin/events/upcoming HTTP/1.1" 200 - 4467
0:0:0:0:0:0:0:1 - - [18/Aug/2026:19:29:27 +0530] "POST /api/admin/events/upcoming HTTP/1.1" 403 125 114915
0:0:0:0:0:0:0:1 - - [18/Aug/2026:19:31:17 +0530] "POST /api/admin/events/upcoming HTTP/1.1" 200 816 8359188
0:0:0:0:0:0:0:1 - - [18/Aug/2026:19:31:27 +0530] "OPTIONS /api/admin/events/search HTTP/1.1" 200 - 7087
0:0:0:0:0:0:0:1 - - [18/Aug/2026:19:31:27 +0530] "GET /api/admin/events/search HTTP/1.1" 200 13913 228613
0:0:0:0:0:0:0:1 - - [18/Aug/2026:19:31:45 +0530] "GET /api/blogs HTTP/1.1" 200 273 119559
0:0:0:0:0:0:0:1 - - [18/Aug/2026:19:31:45 +0530] "GET /api/blogs HTTP/1.1" 200 273 99995
0:0:0:0:0:0:0:1 - - [18/Aug/2026:19:31:51 +0530] "GET /api/blogs HTTP/1.1" 200 273 107872
0:0:0:0:0:0:0:1 - - [18/Aug/2026:19:31:51 +0530] "GET /api/blogs HTTP/1.1" 200 273 109071
0:0:0:0:0:0:0:1 - - [18/Aug/2026:19:34:08 +0530] "GET /api/blogs HTTP/1.1" 200 273 798092
0:0:0:0:0:0:0:1 - - [18/Aug/2026:19:34:09 +0530] "GET /api/blogs HTTP/1.1" 200 273 715676
0:0:0:0:0:0:0:1 - - [18/Aug/2026:19:35:10 +0530] "GET /api/blogs HTTP/1.1" 200 273 1038630
0:0:0:0:0:0:0:1 - - [18/Aug/2026:19:35:10 +0530] "GET /api/blogs HTTP/1.1" 200 273 100726
0:0:0:0:0:0:0:1 - - [18/Aug/2026:19:35:41 +0530] "GET /api/blogs HTTP/1.1" 200 273 79549
0:0:0:0:0:0:0:1 - - [18/Aug/2026:19:35:41 +0530] "GET /api/blogs HTTP/1.1" 200 273 74656
0:0:0:0:0:0:0:1 - - [18/Aug/2026:19:37:44 +0530] "GET /api/blogs HTTP/1.1" 200 273 106913
0:0:0:0:0:0:0:1 - - [18/Aug/2026:19:37:44 +0530] "GET /api/blogs HTTP/1.1" 200 273 97689
0:0:0:0:0:0:0:1 - - [18/Aug/2026:19:41:07 +0530] "POST /api/blogs HTTP/1.1" 200 359 21081223
0:0:0:0:0:0:0:1 - - [18/Aug/2026:19:41:07 +0530] "GET /api/blogs HTTP/1.1" 200 613 105255
0:0:0:0:0:0:0:1 - - [18/Aug/2026:19:41:13 +0530] "GET /api/admin/events/search HTTP/1.1" 200 13913 239485
0:0:0:0:0:0:0:1 - - [18/Aug/2026:19:41:45 +0530] "POST /api/admin/events/upcoming HTTP/1.1" 200 815 8376450
0:0:0:0:0:0:0:1 - - [18/Aug/2026:19:42:08 +0530] "GET /api/admin/events/search HTTP/1.1" 200 14664 150175
0:0:0:0:0:0:0:1 - - [18/Aug/2026:19:42:09 +0530] "GET /api/admin/events/search HTTP/1.1" 200 14664 201257
0:0:0:0:0:0:0:1 - - [18/Aug/2026:19:42:09 +0530] "GET /api/admin/events/search HTTP/1.1" 200 14664 86927
0:0:0:0:0:0:0:1 - - [18/Aug/2026:19:42:19 +0530] "GET /api/admin/events/search HTTP/1.1" 200 14664 200367
0:0:0:0:0:0:0:1 - - [18/Aug/2026:19:42:22 +0530] "GET /api/blogs HTTP/1.1" 200 613 82701
0:0:0:0:0:0:0:1 - - [18/Aug/2026:19:42:22 +0530] "GET /api/blogs HTTP/1.1" 200 613 78269
0:0:0:0:0:0:0:1 - - [18/Aug/2026:19:42:54 +0530] "GET /api/blogs HTTP/1.1" 200 613 111883
0:0:0:0:0:0:0:1 - - [18/Aug/2026:19:42:54 +0530] "GET /api/blogs HTTP/1.1" 200 613 78474
0:0:0:0:0:0:0:1 - - [18/Aug/2026:19:43:37 +0530] "GET /api/blogs HTTP/1.1" 200 613 136612
0:0:0:0:0:0:0:1 - - [18/Aug/2026:19:43:37 +0530] "GET /api/blogs HTTP/1.1" 200 613 74569
0:0:0:0:0:0:0:1 - - [18/Aug/2026:19:45:26 +0530] "GET /api/blogs HTTP/1.1" 200 613 76494
0:0:0:0:0:0:0:1 - - [18/Aug/2026:19:45:26 +0530] "GET /api/blogs HTTP/1.1" 200 613 111102
0:0:0:0:0:0:0:1 - - [18/Aug/2026:19:47:37 +0530] "GET /api/blogs HTTP/1.1" 200 613 77874
0:0:0:0:0:0:0:1 - - [18/Aug/2026:19:47:37 +0530] "GET /api/blogs HTTP/1.1" 200 613 69061
0:0:0:0:0:0:0:1 - - [18/Aug/2026:19:47:39 +0530] "GET /api/blogs HTTP/1.1" 200 613 84550
0:0:0:0:0:0:0:1 - - [18/Aug/2026:19:47:40 +0530] "GET /api/blogs HTTP/1.1" 200 613 87876
0:0:0:0:0:0:0:1 - - [18/Aug/2026:19:47:41 +0530] "GET /api/blogs HTTP/1.1" 200 613 86217
0:0:0:0:0:0:0:1 - - [18/Aug/2026:19:47:43 +0530] "GET /api/blogs HTTP/1.1" 200 613 95020
0:0:0:0:0:0:0:1 - - [18/Aug/2026:19:47:43 +0530] "GET /api/blogs HTTP/1.1" 200 613 103340
0:0:0:0:0:0:0:1 - - [18/Aug/2026:19:47:48 +0530] "GET /api/blogs HTTP/1.1" 200 613 92236
0:0:0:0:0:0:0:1 - - [18/Aug/2026:20:15:17 +0530] "GET /api/blogs HTTP/1.1" 200 613 537567
0:0:0:0:0:0:0:1 - - [18/Aug/2026:20:15:17 +0530] "GET /api/blogs HTTP/1.1" 200 613 89702
0:0:0:0:0:0:0:1 - - [18/Aug/2026:20:15:39 +0530] "OPTIONS /api/blogs/6a8467faba4029533f0a5fa6 HTTP/1.1" 200 - 15930
0:0:0:0:0:0:0:1 - - [18/Aug/2026:20:15:39 +0530] "DELETE /api/blogs/6a8467faba4029533f0a5fa6 HTTP/1.1" 200 82 327017
0:0:0:0:0:0:0:1 - - [18/Aug/2026:20:15:39 +0530] "GET /api/blogs HTTP/1.1" 200 273 94877
0:0:0:0:0:0:0:1 - - [18/Aug/2026:20:16:03 +0530] "GET /api/admin/events/search HTTP/1.1" 200 14664 162276
0:0:0:0:0:0:0:1 - - [18/Aug/2026:20:35:25 +0530] "OPTIONS /api/admin/events/search HTTP/1.1" 200 - 190966
0:0:0:0:0:0:0:1 - - [18/Aug/2026:20:35:26 +0530] "GET /api/admin/events/search HTTP/1.1" 200 14664 1158909
0:0:0:0:0:0:0:1 - - [18/Aug/2026:20:35:34 +0530] "OPTIONS /api/admin/events?event_id=ALCWBEID0019 HTTP/1.1" 200 - 4312
0:0:0:0:0:0:0:1 - - [18/Aug/2026:20:35:34 +0530] "DELETE /api/admin/events?event_id=ALCWBEID0019 HTTP/1.1" 200 77 244941
0:0:0:0:0:0:0:1 - - [18/Aug/2026:20:36:00 +0530] "OPTIONS /api/admin/events/upcoming HTTP/1.1" 200 - 6962
0:0:0:0:0:0:0:1 - - [18/Aug/2026:20:36:10 +0530] "POST /api/admin/events/upcoming HTTP/1.1" 200 3381568 9758229
0:0:0:0:0:0:0:1 - - [18/Aug/2026:20:36:28 +0530] "GET /api/admin/events/search HTTP/1.1" 200 3395426 1115316
0:0:0:0:0:0:0:1 - - [18/Aug/2026:21:00:10 +0530] "OPTIONS /api/blogs HTTP/1.1" 200 - 155559
0:0:0:0:0:0:0:1 - - [18/Aug/2026:21:00:10 +0530] "OPTIONS /api/blogs HTTP/1.1" 200 - 155559
0:0:0:0:0:0:0:1 - - [18/Aug/2026:21:00:11 +0530] "GET /api/blogs HTTP/1.1" 200 273 855964
0:0:0:0:0:0:0:1 - - [18/Aug/2026:21:00:11 +0530] "GET /api/blogs HTTP/1.1" 200 273 129949
0:0:0:0:0:0:0:1 - - [18/Aug/2026:21:00:14 +0530] "OPTIONS /api/admin/events/search HTTP/1.1" 200 - 3648
0:0:0:0:0:0:0:1 - - [18/Aug/2026:21:00:15 +0530] "GET /api/admin/events/search HTTP/1.1" 200 3395426 713798
0:0:0:0:0:0:0:1 - - [18/Aug/2026:21:00:24 +0530] "OPTIONS /api/admin/events?event_id=ALCWBEID0020 HTTP/1.1" 200 - 4672
0:0:0:0:0:0:0:1 - - [18/Aug/2026:21:00:25 +0530] "DELETE /api/admin/events?event_id=ALCWBEID0020 HTTP/1.1" 200 77 782999
0:0:0:0:0:0:0:1 - - [18/Aug/2026:21:00:29 +0530] "GET /api/admin/events/search HTTP/1.1" 200 13913 143898
0:0:0:0:0:0:0:1 - - [18/Aug/2026:23:47:47 +0530] "OPTIONS /api/admin/events/search HTTP/1.1" 200 - 2942
