0:0:0:0:0:0:0:1 - - [20/Aug/2026:23:07:45 +0530] "OPTIONS /api/blogs HTTP/1.1" 200 - 143831
0:0:0:0:0:0:0:1 - - [20/Aug/2026:23:07:45 +0530] "OPTIONS /api/blogs HTTP/1.1" 200 - 143574
0:0:0:0:0:0:0:1 - - [20/Aug/2026:23:07:46 +0530] "GET /api/blogs HTTP/1.1" 200 273 913180
0:0:0:0:0:0:0:1 - - [20/Aug/2026:23:07:46 +0530] "GET /api/blogs HTTP/1.1" 200 273 84601
0:0:0:0:0:0:0:1 - - [20/Aug/2026:23:07:48 +0530] "GET /api/blogs HTTP/1.1" 200 273 133346
0:0:0:0:0:0:0:1 - - [20/Aug/2026:23:08:17 +0530] "POST /api/blogs HTTP/1.1" 403 109 85286
0:0:0:0:0:0:0:1 - - [20/Aug/2026:23:10:00 +0530] "POST /api/blogs HTTP/1.1" 403 109 41125
0:0:0:0:0:0:0:1 - - [20/Aug/2026:23:13:11 +0530] "GET /api/blogs HTTP/1.1" 200 273 453962
0:0:0:0:0:0:0:1 - - [20/Aug/2026:23:13:11 +0530] "GET /api/blogs HTTP/1.1" 200 273 99204
0:0:0:0:0:0:0:1 - - [20/Aug/2026:23:13:26 +0530] "GET /api/blogs HTTP/1.1" 200 273 119509
0:0:0:0:0:0:0:1 - - [20/Aug/2026:23:13:26 +0530] "GET /api/blogs HTTP/1.1" 200 273 120952
0:0:0:0:0:0:0:1 - - [20/Aug/2026:23:13:30 +0530] "GET /api/blogs HTTP/1.1" 200 273 143863
0:0:0:0:0:0:0:1 - - [20/Aug/2026:23:13:30 +0530] "GET /api/blogs HTTP/1.1" 200 273 94445
0:0:0:0:0:0:0:1 - - [20/Aug/2026:23:13:32 +0530] "GET /api/blogs HTTP/1.1" 200 273 96706
0:0:0:0:0:0:0:1 - - [20/Aug/2026:23:13:33 +0530] "GET /api/blogs HTTP/1.1" 200 273 167194
0:0:0:0:0:0:0:1 - - [20/Aug/2026:23:13:33 +0530] "GET /api/blogs HTTP/1.1" 200 273 242851
0:0:0:0:0:0:0:1 - - [20/Aug/2026:23:13:34 +0530] "GET /api/blogs HTTP/1.1" 200 273 222698
0:0:0:0:0:0:0:1 - - [20/Aug/2026:23:13:34 +0530] "GET /api/blogs HTTP/1.1" 200 273 140620
0:0:0:0:0:0:0:1 - - [20/Aug/2026:23:13:39 +0530] "GET /api/blogs HTTP/1.1" 200 273 144441
0:0:0:0:0:0:0:1 - - [20/Aug/2026:23:13:57 +0530] "OPTIONS /api/blogs/68c983fdc105013cc787a4ad HTTP/1.1" 200 - 71799
0:0:0:0:0:0:0:1 - - [20/Aug/2026:23:13:57 +0530] "PUT /api/blogs/68c983fdc105013cc787a4ad HTTP/1.1" 403 134 104754
0:0:0:0:0:0:0:1 - - [20/Aug/2026:23:15:21 +0530] "OPTIONS /api/blogs HTTP/1.1" 200 - 174375
0:0:0:0:0:0:0:1 - - [20/Aug/2026:23:15:21 +0530] "OPTIONS /api/blogs HTTP/1.1" 200 - 174375
0:0:0:0:0:0:0:1 - - [20/Aug/2026:23:15:22 +0530] "GET /api/blogs HTTP/1.1" 200 273 933394
0:0:0:0:0:0:0:1 - - [20/Aug/2026:23:15:22 +0530] "GET /api/blogs HTTP/1.1" 200 273 111949
0:0:0:0:0:0:0:1 - - [20/Aug/2026:23:15:23 +0530] "GET /api/blogs HTTP/1.1" 200 273 112542
0:0:0:0:0:0:0:1 - - [20/Aug/2026:23:16:33 +0530] "GET /api/blogs HTTP/1.1" 200 273 123925
0:0:0:0:0:0:0:1 - - [20/Aug/2026:23:16:33 +0530] "GET /api/blogs HTTP/1.1" 200 273 97057
0:0:0:0:0:0:0:1 - - [20/Aug/2026:23:16:55 +0530] "POST /api/blogs HTTP/1.1" 200 446782 5069691
0:0:0:0:0:0:0:1 - - [20/Aug/2026:23:16:55 +0530] "GET /api/blogs HTTP/1.1" 200 447039 490590
0:0:0:0:0:0:0:1 - - [20/Aug/2026:23:17:06 +0530] "OPTIONS /api/admin/events/search HTTP/1.1" 200 - 3612
0:0:0:0:0:0:0:1 - - [20/Aug/2026:23:17:07 +0530] "GET /api/admin/events/search HTTP/1.1" 200 13913 287400
0:0:0:0:0:0:0:1 - - [20/Aug/2026:23:17:49 +0530] "OPTIONS /api/admin/events/upcoming HTTP/1.1" 200 - 3606
0:0:0:0:0:0:0:1 - - [20/Aug/2026:23:17:54 +0530] "POST /api/admin/events/upcoming HTTP/1.1" 200 447240 4377882
0:0:0:0:0:0:0:1 - - [20/Aug/2026:23:18:02 +0530] "GET /api/admin/events/search HTTP/1.1" 200 461093 581052
0:0:0:0:0:0:0:1 - - [20/Aug/2026:23:34:46 +0530] "GET /api/blogs HTTP/1.1" 200 8206 1040377
0:0:0:0:0:0:0:1 - - [20/Aug/2026:23:34:53 +0530] "GET /api/admin/events/search HTTP/1.1" 200 461093 645648
